src/components/contact/AnalysisTab.tsx(321,5): error TS1128: Declaration or statement expected.
src/components/contact/AnalysisTab.tsx(321,7): error TS1109: Expression expected.
src/components/contact/AnalysisTab.tsx(322,3): error TS1109: Expression expected.
src/components/contact/AnalysisTab.tsx(323,1): error TS1128: Declaration or statement expected.
test_mobile.js(9,15): error TS8010: Type annotations can only be used in TypeScript files.
